Jobname: geom
Scratch directory: server_2025-09-17-13.02.39/job_3/scr
Random number seed: 1643329167

XYZ coordinates server_2025-09-17-13.02.39/job_3/geom.xyz
Molden File Output: server_2025-09-17-13.02.39/job_3/scr/geom.molden
Using basis set: 6-31gs
dmrgstart not found
Spin multiplicity: 1
DIIS will use up to 10 vectors.
Condition number limit for the DIIS overlap matrix is            0
WF convergence threshold: 3.00e-05
Using DIIS algorithm to converge WF
Maximum number of SCF iterations: 100
Incremental fock with rebuild every 8 iterations
Will switch to conventional Fock if diffuse functions are detected
X-matrix tolerance: 1.00e-04
PRECISION: DOUBLE
DFT Functional requested: b3lyp1
Method: B3LYP 
  Hartree-Fock exact exchange:          0.20 
  Slater exchange functional:           0.80 
  Becke 1988 exchange functional:       0.72 
  Lee-Yang-Parr correlation functional: 0.81 
  VWN(I) correlation functional:        0.19 
Wavefunction: RESTRICTED
DFT grid type: 1
Using dynamic DFT grids.
Initial guess generated by maximum overlap

********************************************
**** SINGLE POINT NONADIABATIC COUPLING ****
********************************************
*************WARNING***************
Unrecognized or unnecessary keywords:
These are being ignored.
   genscrdata false
***********************************


Basis set:       6-31gs
Total atoms:     42
Total charge:    0
Total electrons: 158 (79-alpha, 79-beta)
Number electrons modeled by ECPs: 0
Total orbitals:  357
Total AO shells: 168 (105 S-shells; 42 P-shells; 21 D-shells; 0 F-shells; 0 G-shells)
Spin multiplicity: 1
Nuclear repulsion energy (QM atoms): 1871.442671737774 a.u.

Setting up the DFT grid...
time to set the grid = 0.01 s
DFT grid points: 40014 (952 points/atom)
Setting up the DFT grid...
time to set the grid = 0.02 s
DFT grid points: 111920 (2664 points/atom)

                      *** Start SCF Iterations ***

 Iter     DIIS Error       Energy change      Electrons        XC Energy           Energy        Time(s)
----------------------------------------------------------------------------------------------------------
Purifying guess...Density matrix is not well-conditioned, rescale and purify
Purification run on GPU (mixed precision)  using TC2 purification.
Density matrix purification finished after a total of 20 matrix multiplies
                >>> SWITCHING TO GRID 1 <<<
   1     0.3356054767   -1008.7190387200   157.9802855125  -108.5019272311   -1008.7190387200     2.07  
                >>> SWITCHING TO GRID 0 <<<
   2     0.4027373920      +1.5044773755   158.0018360077  -115.5565000740   -1007.2145613445     0.45  
   3     0.2844621053      -4.5977240496   158.0045833960  -113.7838998860   -1011.8122853941     0.45  
   4     0.0639826616      -3.0016111870   158.0055905213  -112.6339827087   -1014.8138965811     0.45  
   5     0.0656391899      -0.1089962686   158.0054157887  -112.5674779622   -1014.9228928497     0.45  
   6     0.0314283546      -0.1293360905   158.0054071002  -112.7463234009   -1015.0522289402     0.45  
   7     0.0126043955      -0.0146266016   158.0053674898  -112.7295495983   -1015.0668555418     0.44  
   8     0.0018765705      -0.0022748538   158.0053565092  -112.7083129175   -1015.0691303956     0.43  
                >>> SWITCHING TO GRID 1 <<<
   9     0.0007646443      -0.0010339498   157.9994202274  -112.7085297510   -1015.0701643454     0.53  
  10     0.0002698408      -0.0000499893   157.9994216586  -112.7133947961   -1015.0702143347     0.48  
  11     0.0001635194      -0.0000057505   157.9994224743  -112.7132247315   -1015.0702200852     0.80  
  12     0.0000972290      -0.0000026928   157.9994230279  -112.7136747253   -1015.0702227780     0.50  
  13     0.0000222148      -0.0000002392   157.9994229249  -112.7138384816   -1015.0702230172     0.58  
----------------------------------------------------------------------------------------------------------
FINAL ENERGY: -1015.0702230172 a.u.
HOMO-LUMO GAP: 4.394 eV
CENTER OF MASS: {0.283297, 0.295800, -0.108986} ANGS
QM  DIPOLE MOMENT: {-4.029620, 2.482100, 4.507325} (|D| = 6.535643) DEBYE
MM  DIPOLE MOMENT: {0.000000, 0.000000, 0.000000} (|D| = 0.000000) DEBYE
TOT DIPOLE MOMENT: {-4.029620, 2.482100, 4.507325} (|D| = 6.535643) DEBYE

  Restricted CIS Parameters
--------------------------------------------
Number of occupied orbitals:            79
Number of virtual orbitals:            278
Number of molecular orbitals:          357
Number of basis functions:             357
Multiplicity of target state:      singlet

 Generating 2nd functional diffs
      Davidson Diagonalization Parameters
-----------------------------------------------
Number of roots to find:                    2
Number of guess vectors:                    2
Maximum subspace size:                     20
Number of vectors to save:                  2
Collapse vectors per root:                  2
Number of CSFs:                         21962
Maximum Davidson iterations:               20
Residual convergence:                 1.0e-04
Orthogonality tolerance:              1.0e-12
Use incremental sigma vectors:             No

Davidson memory usage:   7.22 MB

Guess Vectors:
  79 ->  80 : D -> V :     0.161459
  78 ->  80 : D -> V :     0.183020

  Root           Eigenvalue       Energy Change        Residual
-------------------------------------------------------------------
Iteration:    0   Subspace Size:    2
Root: 1:         0.13063891         0.13063891         0.03764957  
Root: 2:         0.14650860         0.14650860         0.04399663  

Iteration:    1   Subspace Size:    4
Root: 1:         0.12913369        -0.00150522         0.01288837  
Root: 2:         0.14259172        -0.00391688         0.03307324  

Iteration:    2   Subspace Size:    6
Root: 1:         0.12871920        -0.00041449         0.00569710  
Root: 2:         0.13885889        -0.00373283         0.01980847  

Iteration:    3   Subspace Size:    8
Root: 1:         0.12867917        -0.00004003         0.00172170  
Root: 2:         0.13837334        -0.00048555         0.00652160  

Iteration:    4   Subspace Size:   10
Root: 1:         0.12867526        -0.00000391         0.00055221  
Root: 2:         0.13831641        -0.00005694         0.00231920  

Iteration:    5   Subspace Size:   12
Root: 1:         0.12867495        -0.00000031         0.00018405  
Root: 2:         0.13831083        -0.00000557         0.00077847  

Iteration:    6   Subspace Size:   14
Root: 1:         0.12867492        -0.00000003         0.00005237  Converged
Root: 2:         0.13831025        -0.00000059         0.00025823  

Iteration:    7   Subspace Size:   15
Root: 1:         0.12867491        -0.00000000         0.00003585  Converged
Root: 2:         0.13831018        -0.00000007         0.00008804  Converged

Davidson converged in 7 iterations
15 sigma vectors were formed

  Root   Total Energy (a.u.)   Ex. Energy (a.u.)     Ex. Energy (eV)     Ex. Energy (nm)
-----------------------------------------------------------------------------------------
     1      -1014.94154810          0.12867491          3.50142199        354.09676750
     2      -1014.93191284          0.13831018          3.76361078        329.42891252

Unrelaxed excited state dipole moments:

  Root       Dx         Dy         Dz         |D|  (Debye)
------------------------------------------------------------
     1     1.7509     3.2043    14.6329    15.0816
     2    -1.7811     6.7068     4.5702     8.3090

Transition dipole moments:

  Root       Tx         Ty         Tz         |T| (a.u.)
----------------------------------------------------------
     1     0.0891    -0.0164     0.0805     0.1212
     2    -0.0250     0.0946    -0.0101     0.0984

Transition dipole moments between excited states:

    Transition       Tx         Ty         Tz         |T| (a.u.)
------------------------------------------------------------------
     1 ->    2    -0.7961     0.9423    -2.3891     2.6888

Velocity transition dipole moments:

  Root       Tx         Ty         Tz         |T| (a.u.)
----------------------------------------------------------
     1     0.0216    -0.0155    -0.0091     0.0281
     2    -0.0090    -0.0011     0.0212     0.0231

Magnetic transition dipole moments and rotational strengths:

  Root       Lx         Ly         Lz       R(len)     R(vel) (a.u.)
--------------------------------------------------------------------
     1     0.1670     0.1561    -0.1383    -0.0012     0.0191
     2    -0.0931     0.4778    -0.3971    -0.0515    -0.0588


Electric transition quadrupole moments (Cartesian):

   Root       Qxy        Qxz        Qyz        Qxx        Qyy        Qzz       norm (a.u.)
--------------------------------------------------------------------------------------------
     1    -0.1913     0.2737    -0.3391    -0.1581     0.2017     0.6066     0.8125
     2     0.0883    -0.3797     0.1180    -0.1794     0.2603    -0.4255     0.6685

Root 1: Largest CI coefficients:
  79 ->  80 : D -> V :   0.959867
  78 ->  80 : D -> V :  -0.229006
  77 ->  80 : D -> V :   0.144739

Root 2: Largest CI coefficients:
  78 ->  80 : D -> V :  -0.853719
  77 ->  80 : D -> V :   0.423125
  79 ->  80 : D -> V :  -0.272340

  Final Excited State Results:

  Root   Total Energy (a.u.)   Ex. Energy (eV)   Osc. (a.u.)   < S^2 >   Max CI Coeff.      Excitation
------------------------------------------------------------------------------------------------------------
     1       -1014.94154810        3.50142199       0.0013      0.0000      0.959867     79 ->  80 : D -> V
     2       -1014.93191284        3.76361078       0.0009      0.0000     -0.853719     78 ->  80 : D -> V

Solving CPSCF equations
Using DIIS solver

 Iter         Residual      
------  --------------------
    1      0.633626984747
    2      0.644539317698
    3      0.198272535209
    4      0.059815598378
    5      0.028524045308
    6      0.009028548071
    7      0.003582712956
    8      0.001399608639
    9      0.000494919073
   10      0.000125389556
   11      0.000057676382

CPSCF converged

Nonadiabatic coupling between ground state and excited state 1 (Bohr^-1)


 Atom         dE/dX              dE/dY              dE/dZ
------  -----------------  -----------------  -----------------
    1       0.0002039574       0.0003077177      -0.0003306093
    2       0.0000166255       0.0001252379      -0.0000768769
    3       0.0001287021       0.0003393807       0.0001325653
    4       0.0003656832      -0.0001885731       0.0004994113
    5       0.0001687695      -0.0002816657       0.0002566212
    6      -0.0000137459       0.0000217280       0.0000001196
    7      -0.0000457190      -0.0000366626      -0.0000251083
    8      -0.0000332233      -0.0000965474      -0.0000790548
    9      -0.0018161221       0.0009322400      -0.0004995834
   10      -0.0022845371       0.0017535122      -0.0000566294
   11       0.0000608657      -0.0031308931       0.0003810827
   12      -0.0078084474      -0.0128822207       0.0035824484
   13      -0.0008141692      -0.0058031452      -0.0024927927
   14       0.0181937469      -0.0007673549      -0.0077100185
   15      -0.0038091850       0.0036662043       0.0018385608
   16       0.0039128800       0.0139667676       0.0088317070
   17      -0.1299436431       0.0526052261       0.0544852936
   18      -0.0141492185      -0.0007534267      -0.0202688897
   19       0.0596910531      -0.0229997569      -0.0132747066
   20      -0.0133069311       0.0023747942       0.0002616818
   21       0.0792715459      -0.0533368946      -0.0532931260
   22      -0.0349283208       0.0175170919       0.0092000611
   23      -0.0584776497       0.0722110837      -0.0108410518
   24      -0.0403659960       0.0189547405       0.0095432819
   25       0.1222423660      -0.1175071341      -0.0814177596
   26      -0.0209518549      -0.0433255066      -0.0040413822
   27       0.0392427083       0.0599811963       0.0953492986
   28      -0.0006898679       0.0140641908       0.0025443287
   29      -0.0012437322      -0.0033425365       0.0022841462
   30      -0.0016493889      -0.0034548010       0.0018117662
   31      -0.0012652802      -0.0125024552       0.0101429680
   32      -0.0016967722       0.0019598940       0.0047520000
   33      -0.0011198448       0.0041410992      -0.0050609332
   34      -0.0007055376       0.0016214058       0.0009550494
   35      -0.0308641730       0.0292550966       0.0174777347
   36       0.0052173072      -0.0021106197      -0.0133391399
   37       0.0228409890       0.0093653774      -0.0033876547
   38      -0.0038980424      -0.0024455646       0.0012195341
   39       0.0001215264       0.0000359374       0.0005815605
   40      -0.0004763028      -0.0010462483       0.0002571351
   41      -0.0000356055       0.0007394756      -0.0005084479
   42      -0.0008714475      -0.0044722371      -0.0005731058


Gradient units are Hartree/Bohr
---------------------------------------------------
        dE/dX            dE/dY            dE/dZ
    0.0002039574     0.0003077177    -0.0003306093
    0.0000166255     0.0001252379    -0.0000768769
    0.0001287021     0.0003393807     0.0001325653
    0.0003656832    -0.0001885731     0.0004994113
    0.0001687695    -0.0002816657     0.0002566212
   -0.0000137459     0.0000217280     0.0000001196
   -0.0000457190    -0.0000366626    -0.0000251083
   -0.0000332233    -0.0000965474    -0.0000790548
   -0.0018161221     0.0009322400    -0.0004995834
   -0.0022845371     0.0017535122    -0.0000566294
    0.0000608657    -0.0031308931     0.0003810827
   -0.0078084474    -0.0128822207     0.0035824484
   -0.0008141692    -0.0058031452    -0.0024927927
    0.0181937469    -0.0007673549    -0.0077100185
   -0.0038091850     0.0036662043     0.0018385608
    0.0039128800     0.0139667676     0.0088317070
   -0.1299436431     0.0526052261     0.0544852936
   -0.0141492185    -0.0007534267    -0.0202688897
    0.0596910531    -0.0229997569    -0.0132747066
   -0.0133069311     0.0023747942     0.0002616818
    0.0792715459    -0.0533368946    -0.0532931260
   -0.0349283208     0.0175170919     0.0092000611
   -0.0584776497     0.0722110837    -0.0108410518
   -0.0403659960     0.0189547405     0.0095432819
    0.1222423660    -0.1175071341    -0.0814177596
   -0.0209518549    -0.0433255066    -0.0040413822
    0.0392427083     0.0599811963     0.0953492986
   -0.0006898679     0.0140641908     0.0025443287
   -0.0012437322    -0.0033425365     0.0022841462
   -0.0016493889    -0.0034548010     0.0018117662
   -0.0012652802    -0.0125024552     0.0101429680
   -0.0016967722     0.0019598940     0.0047520000
   -0.0011198448     0.0041410992    -0.0050609332
   -0.0007055376     0.0016214058     0.0009550494
   -0.0308641730     0.0292550966     0.0174777347
    0.0052173072    -0.0021106197    -0.0133391399
    0.0228409890     0.0093653774    -0.0033876547
   -0.0038980424    -0.0024455646     0.0012195341
    0.0001215264     0.0000359374     0.0005815605
   -0.0004763028    -0.0010462483     0.0002571351
   -0.0000356055     0.0007394756    -0.0005084479
   -0.0008714475    -0.0044722371    -0.0005731058

------- MM / Point charge part -------
---------------------------------------------------
Net gradient: -2.158603e-02  1.545515e-02  9.111485e-03
Net torque:   -1.603535e-01 -1.563857e-01  1.597156e-01


Gradient units are Hartree/Bohr
---------------------------------------------------
        dE/dX            dE/dY            dE/dZ
    0.0002039574     0.0003077177    -0.0003306093
    0.0000166255     0.0001252379    -0.0000768769
    0.0001287021     0.0003393807     0.0001325653
    0.0003656832    -0.0001885731     0.0004994113
    0.0001687695    -0.0002816657     0.0002566212
   -0.0000137459     0.0000217280     0.0000001196
   -0.0000457190    -0.0000366626    -0.0000251083
   -0.0000332233    -0.0000965474    -0.0000790548
   -0.0018161221     0.0009322400    -0.0004995834
   -0.0022845371     0.0017535122    -0.0000566294
    0.0000608657    -0.0031308931     0.0003810827
   -0.0078084474    -0.0128822207     0.0035824484
   -0.0008141692    -0.0058031452    -0.0024927927
    0.0181937469    -0.0007673549    -0.0077100185
   -0.0038091850     0.0036662043     0.0018385608
    0.0039128800     0.0139667676     0.0088317070
   -0.1299436431     0.0526052261     0.0544852936
   -0.0141492185    -0.0007534267    -0.0202688897
    0.0596910531    -0.0229997569    -0.0132747066
   -0.0133069311     0.0023747942     0.0002616818
    0.0792715459    -0.0533368946    -0.0532931260
   -0.0349283208     0.0175170919     0.0092000611
   -0.0584776497     0.0722110837    -0.0108410518
   -0.0403659960     0.0189547405     0.0095432819
    0.1222423660    -0.1175071341    -0.0814177596
   -0.0209518549    -0.0433255066    -0.0040413822
    0.0392427083     0.0599811963     0.0953492986
   -0.0006898679     0.0140641908     0.0025443287
   -0.0012437322    -0.0033425365     0.0022841462
   -0.0016493889    -0.0034548010     0.0018117662
   -0.0012652802    -0.0125024552     0.0101429680
   -0.0016967722     0.0019598940     0.0047520000
   -0.0011198448     0.0041410992    -0.0050609332
   -0.0007055376     0.0016214058     0.0009550494
   -0.0308641730     0.0292550966     0.0174777347
    0.0052173072    -0.0021106197    -0.0133391399
    0.0228409890     0.0093653774    -0.0033876547
   -0.0038980424    -0.0024455646     0.0012195341
    0.0001215264     0.0000359374     0.0005815605
   -0.0004763028    -0.0010462483     0.0002571351
   -0.0000356055     0.0007394756    -0.0005084479
   -0.0008714475    -0.0044722371    -0.0005731058

------- MM / Point charge part -------
---------------------------------------------------
Net gradient: -2.158603e-02  1.545515e-02  9.111485e-03
Net torque:   -1.603535e-01 -1.563857e-01  1.597156e-01

