Jobname: geom
Scratch directory: server_2025-09-17-13.02.39/job_9/scr
Random number seed: 922548676

XYZ coordinates server_2025-09-17-13.02.39/job_9/geom.xyz
Molden File Output: server_2025-09-17-13.02.39/job_9/scr/geom.molden
Using basis set: 6-31gs
dmrgstart not found
Spin multiplicity: 1
DIIS will use up to 10 vectors.
Condition number limit for the DIIS overlap matrix is            0
WF convergence threshold: 3.00e-05
Using DIIS algorithm to converge WF
Maximum number of SCF iterations: 100
Incremental fock with rebuild every 8 iterations
Will switch to conventional Fock if diffuse functions are detected
X-matrix tolerance: 1.00e-04
PRECISION: DOUBLE
DFT Functional requested: b3lyp1
Method: B3LYP 
  Hartree-Fock exact exchange:          0.20 
  Slater exchange functional:           0.80 
  Becke 1988 exchange functional:       0.72 
  Lee-Yang-Parr correlation functional: 0.81 
  VWN(I) correlation functional:        0.19 
Wavefunction: RESTRICTED
DFT grid type: 1
Using dynamic DFT grids.
Initial guess generated by maximum overlap

********************************************
**** SINGLE POINT NONADIABATIC COUPLING ****
********************************************
*************WARNING***************
Unrecognized or unnecessary keywords:
These are being ignored.
   genscrdata false
***********************************


Basis set:       6-31gs
Total atoms:     42
Total charge:    0
Total electrons: 158 (79-alpha, 79-beta)
Number electrons modeled by ECPs: 0
Total orbitals:  357
Total AO shells: 168 (105 S-shells; 42 P-shells; 21 D-shells; 0 F-shells; 0 G-shells)
Spin multiplicity: 1
Nuclear repulsion energy (QM atoms): 1871.459660893490 a.u.

Setting up the DFT grid...
time to set the grid = 0.01 s
DFT grid points: 40013 (952 points/atom)
Setting up the DFT grid...
time to set the grid = 0.01 s
DFT grid points: 111922 (2664 points/atom)

                      *** Start SCF Iterations ***

 Iter     DIIS Error       Energy change      Electrons        XC Energy           Energy        Time(s)
----------------------------------------------------------------------------------------------------------
Purifying guess...Density matrix is not well-conditioned, rescale and purify
Purification run on GPU (mixed precision)  using TC2 purification.
Density matrix purification finished after a total of 20 matrix multiplies
                >>> SWITCHING TO GRID 1 <<<
   1     0.3353311623   -1008.7183659889   157.9802075917  -108.5021816804   -1008.7183659889     0.49  
                >>> SWITCHING TO GRID 0 <<<
   2     0.4032174087      +1.4940403823   158.0018323709  -115.5569196538   -1007.2243256066     0.45  
   3     0.2848177627      -4.5936678275   158.0045805882  -113.7835352789   -1011.8179934340     0.44  
   4     0.0640340536      -2.9958631443   158.0055878622  -112.6339455479   -1014.8138565783     0.45  
   5     0.0655036385      -0.1096655480   158.0054125001  -112.5684311639   -1014.9235221263     0.44  
   6     0.0314114428      -0.1286751584   158.0054037201  -112.7471356482   -1015.0521972847     0.44  
   7     0.0126048308      -0.0146437641   158.0053642514  -112.7301478419   -1015.0668410488     0.44  
   8     0.0018745056      -0.0022733990   158.0053532952  -112.7089119357   -1015.0691144478     0.42  
                >>> SWITCHING TO GRID 1 <<<
   9     0.0007619796      -0.0010348267   157.9994217653  -112.7091517286   -1015.0701492746     0.53  
  10     0.0002699742      -0.0000499865   157.9994231940  -112.7140095194   -1015.0701992611     0.54  
  11     0.0001635597      -0.0000057575   157.9994240076  -112.7138382232   -1015.0702050185     0.47  
  12     0.0000972312      -0.0000026944   157.9994245588  -112.7142877276   -1015.0702077129     0.45  
  13     0.0000221910      -0.0000002407   157.9994244557  -112.7144516360   -1015.0702079537     0.46  
----------------------------------------------------------------------------------------------------------
FINAL ENERGY: -1015.0702079537 a.u.
HOMO-LUMO GAP: 4.395 eV
CENTER OF MASS: {0.283297, 0.295800, -0.108986} ANGS
QM  DIPOLE MOMENT: {-4.029283, 2.482660, 4.506759} (|D| = 6.535258) DEBYE
MM  DIPOLE MOMENT: {0.000000, 0.000000, 0.000000} (|D| = 0.000000) DEBYE
TOT DIPOLE MOMENT: {-4.029283, 2.482660, 4.506759} (|D| = 6.535258) DEBYE

  Restricted CIS Parameters
--------------------------------------------
Number of occupied orbitals:            79
Number of virtual orbitals:            278
Number of molecular orbitals:          357
Number of basis functions:             357
Multiplicity of target state:      singlet

 Generating 2nd functional diffs
      Davidson Diagonalization Parameters
-----------------------------------------------
Number of roots to find:                    2
Number of guess vectors:                    2
Maximum subspace size:                     20
Number of vectors to save:                  2
Collapse vectors per root:                  2
Number of CSFs:                         21962
Maximum Davidson iterations:               20
Residual convergence:                 1.0e-04
Orthogonality tolerance:              1.0e-12
Use incremental sigma vectors:             No

Davidson memory usage:   7.22 MB

Guess Vectors:
  79 ->  80 : D -> V :     0.161511
  78 ->  80 : D -> V :     0.183052

  Root           Eigenvalue       Energy Change        Residual
-------------------------------------------------------------------
Iteration:    0   Subspace Size:    2
Root: 1:         0.13068964         0.13068964         0.03764545  
Root: 2:         0.14654370         0.14654370         0.04399672  

Iteration:    1   Subspace Size:    4
Root: 1:         0.12918359        -0.00150605         0.01290275  
Root: 2:         0.14262761        -0.00391610         0.03306709  

Iteration:    2   Subspace Size:    6
Root: 1:         0.12876774        -0.00041585         0.00571073  
Root: 2:         0.13889759        -0.00373002         0.01980664  

Iteration:    3   Subspace Size:    8
Root: 1:         0.12872752        -0.00004023         0.00172490  
Root: 2:         0.13841223        -0.00048536         0.00652547  

Iteration:    4   Subspace Size:   10
Root: 1:         0.12872359        -0.00000393         0.00055357  
Root: 2:         0.13835527        -0.00005697         0.00232179  

Iteration:    5   Subspace Size:   12
Root: 1:         0.12872328        -0.00000031         0.00018453  
Root: 2:         0.13834968        -0.00000559         0.00077922  

Iteration:    6   Subspace Size:   14
Root: 1:         0.12872325        -0.00000003         0.00005256  Converged
Root: 2:         0.13834909        -0.00000059         0.00025860  

Iteration:    7   Subspace Size:   15
Root: 1:         0.12872325        -0.00000000         0.00003587  Converged
Root: 2:         0.13834902        -0.00000007         0.00008815  Converged

Davidson converged in 7 iterations
15 sigma vectors were formed

  Root   Total Energy (a.u.)   Ex. Energy (a.u.)     Ex. Energy (eV)     Ex. Energy (nm)
-----------------------------------------------------------------------------------------
     1      -1014.94148471          0.12872325          3.50273720        353.96381062
     2      -1014.93185893          0.13834902          3.76466777        329.33642012

Unrelaxed excited state dipole moments:

  Root       Dx         Dy         Dz         |D|  (Debye)
------------------------------------------------------------
     1     1.7471     3.2093    14.6208    15.0705
     2    -1.7765     6.7024     4.5840     8.3121

Transition dipole moments:

  Root       Tx         Ty         Tz         |T| (a.u.)
----------------------------------------------------------
     1     0.0890    -0.0163     0.0805     0.1211
     2    -0.0251     0.0947    -0.0101     0.0985

Transition dipole moments between excited states:

    Transition       Tx         Ty         Tz         |T| (a.u.)
------------------------------------------------------------------
     1 ->    2    -0.7974     0.9437    -2.3926     2.6927

Velocity transition dipole moments:

  Root       Tx         Ty         Tz         |T| (a.u.)
----------------------------------------------------------
     1     0.0216    -0.0155    -0.0091     0.0281
     2    -0.0090    -0.0011     0.0212     0.0231

Magnetic transition dipole moments and rotational strengths:

  Root       Lx         Ly         Lz       R(len)     R(vel) (a.u.)
--------------------------------------------------------------------
     1     0.1669     0.1565    -0.1387    -0.0012     0.0190
     2    -0.0932     0.4776    -0.3969    -0.0516    -0.0587


Electric transition quadrupole moments (Cartesian):

   Root       Qxy        Qxz        Qyz        Qxx        Qyy        Qzz       norm (a.u.)
--------------------------------------------------------------------------------------------
     1    -0.1912     0.2734    -0.3389    -0.1583     0.2019     0.6062     0.8121
     2     0.0884    -0.3801     0.1181    -0.1793     0.2601    -0.4261     0.6690

Root 1: Largest CI coefficients:
  79 ->  80 : D -> V :   0.959665
  78 ->  80 : D -> V :  -0.229605
  77 ->  80 : D -> V :   0.145097

Root 2: Largest CI coefficients:
  78 ->  80 : D -> V :  -0.853589
  77 ->  80 : D -> V :   0.422943
  79 ->  80 : D -> V :  -0.273040

  Final Excited State Results:

  Root   Total Energy (a.u.)   Ex. Energy (eV)   Osc. (a.u.)   < S^2 >   Max CI Coeff.      Excitation
------------------------------------------------------------------------------------------------------------
     1       -1014.94148471        3.50273720       0.0013      0.0000      0.959665     79 ->  80 : D -> V
     2       -1014.93185893        3.76466777       0.0009      0.0000     -0.853589     78 ->  80 : D -> V

Solving CPSCF equations
Using DIIS solver

 Iter         Residual      
------  --------------------
    1      0.633322066936
    2      0.643968933324
    3      0.198282239202
    4      0.059827707575
    5      0.028590465011
    6      0.009031169643
    7      0.003579599716
    8      0.001398787130
    9      0.000494593202
   10      0.000125332430
   11      0.000057781879

CPSCF converged

Nonadiabatic coupling between ground state and excited state 1 (Bohr^-1)


 Atom         dE/dX              dE/dY              dE/dZ
------  -----------------  -----------------  -----------------
    1       0.0002043079       0.0003094909      -0.0003320144
    2       0.0000167556       0.0001255846      -0.0000775352
    3       0.0001285843       0.0003399419       0.0001327029
    4       0.0003663233      -0.0001888722       0.0005003681
    5       0.0001692406      -0.0002810508       0.0002564198
    6      -0.0000136024       0.0000218256       0.0000004336
    7      -0.0000454880      -0.0000363672      -0.0000252330
    8      -0.0000333147      -0.0000964143      -0.0000789976
    9      -0.0018189970       0.0009313394      -0.0004984665
   10      -0.0022831941       0.0017642306      -0.0000633925
   11       0.0000638660      -0.0031284042       0.0003796391
   12      -0.0078159764      -0.0128813013       0.0035824146
   13      -0.0008027886      -0.0058129071      -0.0024970284
   14       0.0182054582      -0.0007710855      -0.0077040465
   15      -0.0038272543       0.0036676052       0.0018476432
   16       0.0039420943       0.0139857802       0.0088432436
   17      -0.1301078504       0.0526816814       0.0546014139
   18      -0.0141671468      -0.0007643764      -0.0203135486
   19       0.0597527699      -0.0230193787      -0.0132843729
   20      -0.0133410477       0.0023770152       0.0002777625
   21       0.0795120840      -0.0534729882      -0.0533879499
   22      -0.0349532185       0.0175268921       0.0092099813
   23      -0.0584761616       0.0721617632      -0.0108198536
   24      -0.0404298976       0.0189871874       0.0095576597
   25       0.1222388357      -0.1173708953      -0.0813597426
   26      -0.0209592901      -0.0433127562      -0.0040594939
   27       0.0392162659       0.0599406723       0.0952815468
   28      -0.0006904965       0.0140420427       0.0025423263
   29      -0.0012433392      -0.0033390807       0.0022819840
   30      -0.0016487797      -0.0034528589       0.0018116116
   31      -0.0012641129      -0.0124894564       0.0101313998
   32      -0.0016950047       0.0019580142       0.0047467797
   33      -0.0011199186       0.0041383610      -0.0050577089
   34      -0.0007044448       0.0016195192       0.0009538936
   35      -0.0308322395       0.0292285780       0.0174612815
   36       0.0052163078      -0.0021083139      -0.0133314508
   37       0.0228233404       0.0093554997      -0.0033892933
   38      -0.0038935938      -0.0024435310       0.0012183606
   39       0.0001212092       0.0000360370       0.0005808025
   40      -0.0004758150      -0.0010454505       0.0002572362
   41      -0.0000357553       0.0007388307      -0.0005077917
   42      -0.0008735101      -0.0044668780      -0.0005744061


Gradient units are Hartree/Bohr
---------------------------------------------------
        dE/dX            dE/dY            dE/dZ
    0.0002043079     0.0003094909    -0.0003320144
    0.0000167556     0.0001255846    -0.0000775352
    0.0001285843     0.0003399419     0.0001327029
    0.0003663233    -0.0001888722     0.0005003681
    0.0001692406    -0.0002810508     0.0002564198
   -0.0000136024     0.0000218256     0.0000004336
   -0.0000454880    -0.0000363672    -0.0000252330
   -0.0000333147    -0.0000964143    -0.0000789976
   -0.0018189970     0.0009313394    -0.0004984665
   -0.0022831941     0.0017642306    -0.0000633925
    0.0000638660    -0.0031284042     0.0003796391
   -0.0078159764    -0.0128813013     0.0035824146
   -0.0008027886    -0.0058129071    -0.0024970284
    0.0182054582    -0.0007710855    -0.0077040465
   -0.0038272543     0.0036676052     0.0018476432
    0.0039420943     0.0139857802     0.0088432436
   -0.1301078504     0.0526816814     0.0546014139
   -0.0141671468    -0.0007643764    -0.0203135486
    0.0597527699    -0.0230193787    -0.0132843729
   -0.0133410477     0.0023770152     0.0002777625
    0.0795120840    -0.0534729882    -0.0533879499
   -0.0349532185     0.0175268921     0.0092099813
   -0.0584761616     0.0721617632    -0.0108198536
   -0.0404298976     0.0189871874     0.0095576597
    0.1222388357    -0.1173708953    -0.0813597426
   -0.0209592901    -0.0433127562    -0.0040594939
    0.0392162659     0.0599406723     0.0952815468
   -0.0006904965     0.0140420427     0.0025423263
   -0.0012433392    -0.0033390807     0.0022819840
   -0.0016487797    -0.0034528589     0.0018116116
   -0.0012641129    -0.0124894564     0.0101313998
   -0.0016950047     0.0019580142     0.0047467797
   -0.0011199186     0.0041383610    -0.0050577089
   -0.0007044448     0.0016195192     0.0009538936
   -0.0308322395     0.0292285780     0.0174612815
    0.0052163078    -0.0021083139    -0.0133314508
    0.0228233404     0.0093554997    -0.0033892933
   -0.0038935938    -0.0024435310     0.0012183606
    0.0001212092     0.0000360370     0.0005808025
   -0.0004758150    -0.0010454505     0.0002572362
   -0.0000357553     0.0007388307    -0.0005077917
   -0.0008735101    -0.0044668780    -0.0005744061

------- MM / Point charge part -------
---------------------------------------------------
Net gradient: -2.157480e-02  1.545553e-02  9.094579e-03
Net torque:   -1.602780e-01 -1.567918e-01  1.600458e-01


Gradient units are Hartree/Bohr
---------------------------------------------------
        dE/dX            dE/dY            dE/dZ
    0.0002043079     0.0003094909    -0.0003320144
    0.0000167556     0.0001255846    -0.0000775352
    0.0001285843     0.0003399419     0.0001327029
    0.0003663233    -0.0001888722     0.0005003681
    0.0001692406    -0.0002810508     0.0002564198
   -0.0000136024     0.0000218256     0.0000004336
   -0.0000454880    -0.0000363672    -0.0000252330
   -0.0000333147    -0.0000964143    -0.0000789976
   -0.0018189970     0.0009313394    -0.0004984665
   -0.0022831941     0.0017642306    -0.0000633925
    0.0000638660    -0.0031284042     0.0003796391
   -0.0078159764    -0.0128813013     0.0035824146
   -0.0008027886    -0.0058129071    -0.0024970284
    0.0182054582    -0.0007710855    -0.0077040465
   -0.0038272543     0.0036676052     0.0018476432
    0.0039420943     0.0139857802     0.0088432436
   -0.1301078504     0.0526816814     0.0546014139
   -0.0141671468    -0.0007643764    -0.0203135486
    0.0597527699    -0.0230193787    -0.0132843729
   -0.0133410477     0.0023770152     0.0002777625
    0.0795120840    -0.0534729882    -0.0533879499
   -0.0349532185     0.0175268921     0.0092099813
   -0.0584761616     0.0721617632    -0.0108198536
   -0.0404298976     0.0189871874     0.0095576597
    0.1222388357    -0.1173708953    -0.0813597426
   -0.0209592901    -0.0433127562    -0.0040594939
    0.0392162659     0.0599406723     0.0952815468
   -0.0006904965     0.0140420427     0.0025423263
   -0.0012433392    -0.0033390807     0.0022819840
   -0.0016487797    -0.0034528589     0.0018116116
   -0.0012641129    -0.0124894564     0.0101313998
   -0.0016950047     0.0019580142     0.0047467797
   -0.0011199186     0.0041383610    -0.0050577089
   -0.0007044448     0.0016195192     0.0009538936
   -0.0308322395     0.0292285780     0.0174612815
    0.0052163078    -0.0021083139    -0.0133314508
    0.0228233404     0.0093554997    -0.0033892933
   -0.0038935938    -0.0024435310     0.0012183606
    0.0001212092     0.0000360370     0.0005808025
   -0.0004758150    -0.0010454505     0.0002572362
   -0.0000357553     0.0007388307    -0.0005077917
   -0.0008735101    -0.0044668780    -0.0005744061

------- MM / Point charge part -------
---------------------------------------------------
Net gradient: -2.157480e-02  1.545553e-02  9.094579e-03
Net torque:   -1.602780e-01 -1.567918e-01  1.600458e-01

