Jobname: geom
Scratch directory: server_2025-09-17-13.02.39/job_6/scr
Random number seed: 333139447

XYZ coordinates server_2025-09-17-13.02.39/job_6/geom.xyz
Molden File Output: server_2025-09-17-13.02.39/job_6/scr/geom.molden
Using basis set: 6-31gs
dmrgstart not found
Spin multiplicity: 1
DIIS will use up to 10 vectors.
Condition number limit for the DIIS overlap matrix is            0
WF convergence threshold: 3.00e-05
Using DIIS algorithm to converge WF
Maximum number of SCF iterations: 100
Incremental fock with rebuild every 8 iterations
Will switch to conventional Fock if diffuse functions are detected
X-matrix tolerance: 1.00e-04
PRECISION: DOUBLE
DFT Functional requested: b3lyp1
Method: B3LYP 
  Hartree-Fock exact exchange:          0.20 
  Slater exchange functional:           0.80 
  Becke 1988 exchange functional:       0.72 
  Lee-Yang-Parr correlation functional: 0.81 
  VWN(I) correlation functional:        0.19 
Wavefunction: RESTRICTED
DFT grid type: 1
Using dynamic DFT grids.
Initial guess generated by maximum overlap

********************************************
**** SINGLE POINT NONADIABATIC COUPLING ****
********************************************
*************WARNING***************
Unrecognized or unnecessary keywords:
These are being ignored.
   genscrdata false
***********************************


Basis set:       6-31gs
Total atoms:     42
Total charge:    0
Total electrons: 158 (79-alpha, 79-beta)
Number electrons modeled by ECPs: 0
Total orbitals:  357
Total AO shells: 168 (105 S-shells; 42 P-shells; 21 D-shells; 0 F-shells; 0 G-shells)
Spin multiplicity: 1
Nuclear repulsion energy (QM atoms): 1871.449449640712 a.u.

Setting up the DFT grid...
time to set the grid = 0.01 s
DFT grid points: 40014 (952 points/atom)
Setting up the DFT grid...
time to set the grid = 0.01 s
DFT grid points: 111920 (2664 points/atom)

                      *** Start SCF Iterations ***

 Iter     DIIS Error       Energy change      Electrons        XC Energy           Energy        Time(s)
----------------------------------------------------------------------------------------------------------
Purifying guess...Density matrix is not well-conditioned, rescale and purify
Purification run on GPU (mixed precision)  using TC2 purification.
Density matrix purification finished after a total of 20 matrix multiplies
                >>> SWITCHING TO GRID 1 <<<
   1     0.3355111992   -1008.7188303002   157.9802682546  -108.5020469806   -1008.7188303002     0.55  
                >>> SWITCHING TO GRID 0 <<<
   2     0.4029468978      +1.5015269793   158.0018346201  -115.5566849507   -1007.2173033210     0.74  
   3     0.2845563924      -4.5965051382   158.0045824685  -113.7838709987   -1011.8138084592     1.06  
   4     0.0639966747      -3.0000699589   158.0055895656  -112.6340517866   -1014.8138784180     1.03  
   5     0.0656035215      -0.1091849858   158.0054146489  -112.5678082346   -1014.9230634038     0.85  
   6     0.0314235442      -0.1291556751   158.0054059366  -112.7466195891   -1015.0522190789     0.43  
   7     0.0126046379      -0.0146309192   158.0053663708  -112.7297873273   -1015.0668499980     0.41  
   8     0.0018760639      -0.0022745076   158.0053553941  -112.7085509896   -1015.0691245056     0.42  
                >>> SWITCHING TO GRID 1 <<<
   9     0.0007639235      -0.0010343377   157.9994206164  -112.7087743934   -1015.0701588433     0.51  
  10     0.0002698570      -0.0000499887   157.9994220470  -112.7136373931   -1015.0702088320     0.48  
  11     0.0001635326      -0.0000057522   157.9994228621  -112.7134670398   -1015.0702145842     0.49  
  12     0.0000972318      -0.0000026938   157.9994234160  -112.7139168383   -1015.0702172780     0.46  
  13     0.0000222058      -0.0000002393   157.9994233130  -112.7140806502   -1015.0702175174     0.45  
----------------------------------------------------------------------------------------------------------
FINAL ENERGY: -1015.0702175174 a.u.
HOMO-LUMO GAP: 4.394 eV
CENTER OF MASS: {0.283297, 0.295800, -0.108986} ANGS
QM  DIPOLE MOMENT: {-4.029515, 2.482275, 4.507132} (|D| = 6.535512) DEBYE
MM  DIPOLE MOMENT: {0.000000, 0.000000, 0.000000} (|D| = 0.000000) DEBYE
TOT DIPOLE MOMENT: {-4.029515, 2.482275, 4.507132} (|D| = 6.535512) DEBYE

  Restricted CIS Parameters
--------------------------------------------
Number of occupied orbitals:            79
Number of virtual orbitals:            278
Number of molecular orbitals:          357
Number of basis functions:             357
Multiplicity of target state:      singlet

 Generating 2nd functional diffs
      Davidson Diagonalization Parameters
-----------------------------------------------
Number of roots to find:                    2
Number of guess vectors:                    2
Maximum subspace size:                     20
Number of vectors to save:                  2
Collapse vectors per root:                  2
Number of CSFs:                         21962
Maximum Davidson iterations:               20
Residual convergence:                 1.0e-04
Orthogonality tolerance:              1.0e-12
Use incremental sigma vectors:             No

Davidson memory usage:   7.22 MB

Guess Vectors:
  79 ->  80 : D -> V :     0.161472
  78 ->  80 : D -> V :     0.183029

  Root           Eigenvalue       Energy Change        Residual
-------------------------------------------------------------------
Iteration:    0   Subspace Size:    2
Root: 1:         0.13065207         0.13065207         0.03764789  
Root: 2:         0.14651824         0.14651824         0.04399611  

Iteration:    1   Subspace Size:    4
Root: 1:         0.12914668        -0.00150539         0.01289178  
Root: 2:         0.14260162        -0.00391661         0.03307157  

Iteration:    2   Subspace Size:    6
Root: 1:         0.12873188        -0.00041481         0.00570031  
Root: 2:         0.13886950        -0.00373212         0.01980833  

Iteration:    3   Subspace Size:    8
Root: 1:         0.12869180        -0.00004008         0.00172235  
Root: 2:         0.13838398        -0.00048552         0.00652286  

Iteration:    4   Subspace Size:   10
Root: 1:         0.12868789        -0.00000391         0.00055250  
Root: 2:         0.13832704        -0.00005695         0.00231997  

Iteration:    5   Subspace Size:   12
Root: 1:         0.12868758        -0.00000031         0.00018415  
Root: 2:         0.13832146        -0.00000558         0.00077868  

Iteration:    6   Subspace Size:   14
Root: 1:         0.12868755        -0.00000003         0.00005241  Converged
Root: 2:         0.13832087        -0.00000059         0.00025834  

Iteration:    7   Subspace Size:   15
Root: 1:         0.12868754        -0.00000000         0.00003585  Converged
Root: 2:         0.13832080        -0.00000007         0.00008808  Converged

Davidson converged in 7 iterations
15 sigma vectors were formed

  Root   Total Energy (a.u.)   Ex. Energy (a.u.)     Ex. Energy (eV)     Ex. Energy (nm)
-----------------------------------------------------------------------------------------
     1      -1014.94152997          0.12868754          3.50176569        354.06201284
     2      -1014.93189672          0.13832080          3.76389989        329.40360874

Unrelaxed excited state dipole moments:

  Root       Dx         Dy         Dz         |D|  (Debye)
------------------------------------------------------------
     1     1.7501     3.2056    14.6300    15.0789
     2    -1.7799     6.7059     4.5736     8.3099

Transition dipole moments:

  Root       Tx         Ty         Tz         |T| (a.u.)
----------------------------------------------------------
     1     0.0890    -0.0164     0.0805     0.1211
     2    -0.0250     0.0946    -0.0101     0.0984

Transition dipole moments between excited states:

    Transition       Tx         Ty         Tz         |T| (a.u.)
------------------------------------------------------------------
     1 ->    2    -0.7964     0.9426    -2.3899     2.6897

Velocity transition dipole moments:

  Root       Tx         Ty         Tz         |T| (a.u.)
----------------------------------------------------------
     1     0.0216    -0.0155    -0.0091     0.0281
     2    -0.0090    -0.0011     0.0212     0.0231

Magnetic transition dipole moments and rotational strengths:

  Root       Lx         Ly         Lz       R(len)     R(vel) (a.u.)
--------------------------------------------------------------------
     1     0.1670     0.1562    -0.1384    -0.0012     0.0190
     2    -0.0931     0.4777    -0.3971    -0.0515    -0.0587


Electric transition quadrupole moments (Cartesian):

   Root       Qxy        Qxz        Qyz        Qxx        Qyy        Qzz       norm (a.u.)
--------------------------------------------------------------------------------------------
     1    -0.1913     0.2736    -0.3390    -0.1582     0.2017     0.6065     0.8124
     2     0.0883    -0.3798     0.1180    -0.1794     0.2602    -0.4256     0.6686

Root 1: Largest CI coefficients:
  79 ->  80 : D -> V :   0.959821
  78 ->  80 : D -> V :  -0.229142
  77 ->  80 : D -> V :   0.144825

Root 2: Largest CI coefficients:
  78 ->  80 : D -> V :  -0.853689
  77 ->  80 : D -> V :   0.423086
  79 ->  80 : D -> V :  -0.272501

  Final Excited State Results:

  Root   Total Energy (a.u.)   Ex. Energy (eV)   Osc. (a.u.)   < S^2 >   Max CI Coeff.      Excitation
------------------------------------------------------------------------------------------------------------
     1       -1014.94152997        3.50176569       0.0013      0.0000      0.959821     79 ->  80 : D -> V
     2       -1014.93189672        3.76389989       0.0009      0.0000     -0.853689     78 ->  80 : D -> V

Solving CPSCF equations
Using DIIS solver

 Iter         Residual      
------  --------------------
    1      0.633542187277
    2      0.644374752428
    3      0.198272625079
    4      0.059812936738
    5      0.028533748295
    6      0.009028939033
    7      0.003581567974
    8      0.001399283709
    9      0.000494810223
   10      0.000125364583
   11      0.000057694614

CPSCF converged

Nonadiabatic coupling between ground state and excited state 1 (Bohr^-1)


 Atom         dE/dX              dE/dY              dE/dZ
------  -----------------  -----------------  -----------------
    1       0.0002040673       0.0003081796      -0.0003309739
    2       0.0000166535       0.0001253125      -0.0000770544
    3       0.0001286695       0.0003395061       0.0001325971
    4       0.0003658213      -0.0001886535       0.0004996432
    5       0.0001688858      -0.0002814855       0.0002565506
    6      -0.0000137091       0.0000217513       0.0000002035
    7      -0.0000456536      -0.0000365824      -0.0000251424
    8      -0.0000332441      -0.0000965112      -0.0000790364
    9      -0.0018168786       0.0009319764      -0.0004991961
   10      -0.0022840017       0.0017562937      -0.0000586764
   11       0.0000616168      -0.0031302790       0.0003806834
   12      -0.0078107625      -0.0128826750       0.0035821907
   13      -0.0008112552      -0.0058053354      -0.0024937813
   14       0.0181966751      -0.0007682417      -0.0077083307
   15      -0.0038136021       0.0036664551       0.0018406254
   16       0.0039203953       0.0139714133       0.0088344927
   17      -0.1299818964       0.0526233881       0.0545137437
   18      -0.0141537130      -0.0007564214      -0.0202796972
   19       0.0597071344      -0.0230061803      -0.0132775879
   20      -0.0133159583       0.0023760020       0.0002660369
   21       0.0793287437      -0.0533680669      -0.0533158373
   22      -0.0349355933       0.0175203049       0.0092029844
   23      -0.0584753441       0.0721982779      -0.0108344398
   24      -0.0403824763       0.0189632505       0.0095472323
   25       0.1222454965      -0.1174758022      -0.0814045245
   26      -0.0209556950      -0.0433231512      -0.0040466175
   27       0.0392326227       0.0599744131       0.0953316276
   28      -0.0006899361       0.0140575228       0.0025438477
   29      -0.0012434501      -0.0033416371       0.0022836098
   30      -0.0016492501      -0.0034543937       0.0018117118
   31      -0.0012648520      -0.0124990073       0.0101399410
   32      -0.0016962377       0.0019593639       0.0047505848
   33      -0.0011197985       0.0041402553      -0.0050600843
   34      -0.0007052560       0.0016209063       0.0009547584
   35      -0.0308554057       0.0292488522       0.0174734684
   36       0.0052168965      -0.0021101287      -0.0133368810
   37       0.0228363946       0.0093625819      -0.0033880024
   38      -0.0038970382      -0.0024451897       0.0012192644
   39       0.0001214624       0.0000359217       0.0005813565
   40      -0.0004761207      -0.0010460307       0.0002572014
   41      -0.0000357233       0.0007393087      -0.0005083174
   42      -0.0008719827      -0.0044700065      -0.0005727532


Gradient units are Hartree/Bohr
---------------------------------------------------
        dE/dX            dE/dY            dE/dZ
    0.0002040673     0.0003081796    -0.0003309739
    0.0000166535     0.0001253125    -0.0000770544
    0.0001286695     0.0003395061     0.0001325971
    0.0003658213    -0.0001886535     0.0004996432
    0.0001688858    -0.0002814855     0.0002565506
   -0.0000137091     0.0000217513     0.0000002035
   -0.0000456536    -0.0000365824    -0.0000251424
   -0.0000332441    -0.0000965112    -0.0000790364
   -0.0018168786     0.0009319764    -0.0004991961
   -0.0022840017     0.0017562937    -0.0000586764
    0.0000616168    -0.0031302790     0.0003806834
   -0.0078107625    -0.0128826750     0.0035821907
   -0.0008112552    -0.0058053354    -0.0024937813
    0.0181966751    -0.0007682417    -0.0077083307
   -0.0038136021     0.0036664551     0.0018406254
    0.0039203953     0.0139714133     0.0088344927
   -0.1299818964     0.0526233881     0.0545137437
   -0.0141537130    -0.0007564214    -0.0202796972
    0.0597071344    -0.0230061803    -0.0132775879
   -0.0133159583     0.0023760020     0.0002660369
    0.0793287437    -0.0533680669    -0.0533158373
   -0.0349355933     0.0175203049     0.0092029844
   -0.0584753441     0.0721982779    -0.0108344398
   -0.0403824763     0.0189632505     0.0095472323
    0.1222454965    -0.1174758022    -0.0814045245
   -0.0209556950    -0.0433231512    -0.0040466175
    0.0392326227     0.0599744131     0.0953316276
   -0.0006899361     0.0140575228     0.0025438477
   -0.0012434501    -0.0033416371     0.0022836098
   -0.0016492501    -0.0034543937     0.0018117118
   -0.0012648520    -0.0124990073     0.0101399410
   -0.0016962377     0.0019593639     0.0047505848
   -0.0011197985     0.0041402553    -0.0050600843
   -0.0007052560     0.0016209063     0.0009547584
   -0.0308554057     0.0292488522     0.0174734684
    0.0052168965    -0.0021101287    -0.0133368810
    0.0228363946     0.0093625819    -0.0033880024
   -0.0038970382    -0.0024451897     0.0012192644
    0.0001214624     0.0000359217     0.0005813565
   -0.0004761207    -0.0010460307     0.0002572014
   -0.0000357233     0.0007393087    -0.0005083174
   -0.0008719827    -0.0044700065    -0.0005727532

------- MM / Point charge part -------
---------------------------------------------------
Net gradient: -2.158330e-02  1.545546e-02  9.107421e-03
Net torque:   -1.603324e-01 -1.564778e-01  1.597831e-01


Gradient units are Hartree/Bohr
---------------------------------------------------
        dE/dX            dE/dY            dE/dZ
    0.0002040673     0.0003081796    -0.0003309739
    0.0000166535     0.0001253125    -0.0000770544
    0.0001286695     0.0003395061     0.0001325971
    0.0003658213    -0.0001886535     0.0004996432
    0.0001688858    -0.0002814855     0.0002565506
   -0.0000137091     0.0000217513     0.0000002035
   -0.0000456536    -0.0000365824    -0.0000251424
   -0.0000332441    -0.0000965112    -0.0000790364
   -0.0018168786     0.0009319764    -0.0004991961
   -0.0022840017     0.0017562937    -0.0000586764
    0.0000616168    -0.0031302790     0.0003806834
   -0.0078107625    -0.0128826750     0.0035821907
   -0.0008112552    -0.0058053354    -0.0024937813
    0.0181966751    -0.0007682417    -0.0077083307
   -0.0038136021     0.0036664551     0.0018406254
    0.0039203953     0.0139714133     0.0088344927
   -0.1299818964     0.0526233881     0.0545137437
   -0.0141537130    -0.0007564214    -0.0202796972
    0.0597071344    -0.0230061803    -0.0132775879
   -0.0133159583     0.0023760020     0.0002660369
    0.0793287437    -0.0533680669    -0.0533158373
   -0.0349355933     0.0175203049     0.0092029844
   -0.0584753441     0.0721982779    -0.0108344398
   -0.0403824763     0.0189632505     0.0095472323
    0.1222454965    -0.1174758022    -0.0814045245
   -0.0209556950    -0.0433231512    -0.0040466175
    0.0392326227     0.0599744131     0.0953316276
   -0.0006899361     0.0140575228     0.0025438477
   -0.0012434501    -0.0033416371     0.0022836098
   -0.0016492501    -0.0034543937     0.0018117118
   -0.0012648520    -0.0124990073     0.0101399410
   -0.0016962377     0.0019593639     0.0047505848
   -0.0011197985     0.0041402553    -0.0050600843
   -0.0007052560     0.0016209063     0.0009547584
   -0.0308554057     0.0292488522     0.0174734684
    0.0052168965    -0.0021101287    -0.0133368810
    0.0228363946     0.0093625819    -0.0033880024
   -0.0038970382    -0.0024451897     0.0012192644
    0.0001214624     0.0000359217     0.0005813565
   -0.0004761207    -0.0010460307     0.0002572014
   -0.0000357233     0.0007393087    -0.0005083174
   -0.0008719827    -0.0044700065    -0.0005727532

------- MM / Point charge part -------
---------------------------------------------------
Net gradient: -2.158330e-02  1.545546e-02  9.107421e-03
Net torque:   -1.603324e-01 -1.564778e-01  1.597831e-01

